Archive member included to satisfy reference by file (symbol)

c:/gccarmtoolchain/gcc_hostcortexm/bin/../lib/gcc/arm-none-eabi/10.3.1/../../../../arm-none-eabi/lib/thumb/v7e-m+dp/hard\libc_nano.a(lib_a-exit.o)
                              c:/gccarmtoolchain/gcc_hostcortexm/bin/../lib/gcc/arm-none-eabi/10.3.1/../../../../arm-none-eabi/lib/thumb/v7e-m+dp/hard/crt0.o (exit)
c:/gccarmtoolchain/gcc_hostcortexm/bin/../lib/gcc/arm-none-eabi/10.3.1/../../../../arm-none-eabi/lib/thumb/v7e-m+dp/hard\libc_nano.a(lib_a-impure.o)
                              c:/gccarmtoolchain/gcc_hostcortexm/bin/../lib/gcc/arm-none-eabi/10.3.1/../../../../arm-none-eabi/lib/thumb/v7e-m+dp/hard\libc_nano.a(lib_a-exit.o) (_global_impure_ptr)
c:/gccarmtoolchain/gcc_hostcortexm/bin/../lib/gcc/arm-none-eabi/10.3.1/../../../../arm-none-eabi/lib/thumb/v7e-m+dp/hard\libc_nano.a(lib_a-init.o)
                              c:/gccarmtoolchain/gcc_hostcortexm/bin/../lib/gcc/arm-none-eabi/10.3.1/../../../../arm-none-eabi/lib/thumb/v7e-m+dp/hard/crt0.o (__libc_init_array)
c:/gccarmtoolchain/gcc_hostcortexm/bin/../lib/gcc/arm-none-eabi/10.3.1/../../../../arm-none-eabi/lib/thumb/v7e-m+dp/hard\libc_nano.a(lib_a-memset.o)
                              c:/gccarmtoolchain/gcc_hostcortexm/bin/../lib/gcc/arm-none-eabi/10.3.1/../../../../arm-none-eabi/lib/thumb/v7e-m+dp/hard/crt0.o (memset)
c:/gccarmtoolchain/gcc_hostcortexm/bin/../lib/gcc/arm-none-eabi/10.3.1/../../../../arm-none-eabi/lib/thumb/v7e-m+dp/hard\libg_nano.a(lib_a-errno.o)
                              CMakeFiles/LedProject_CM7.dir/Core/Src/sysmem.c.obj (__errno)

Discarded input sections

 .text          0x00000000        0x0 c:/gccarmtoolchain/gcc_hostcortexm/bin/../lib/gcc/arm-none-eabi/10.3.1/thumb/v7e-m+dp/hard/crti.o
 .data          0x00000000        0x0 c:/gccarmtoolchain/gcc_hostcortexm/bin/../lib/gcc/arm-none-eabi/10.3.1/thumb/v7e-m+dp/hard/crti.o
 .bss           0x00000000        0x0 c:/gccarmtoolchain/gcc_hostcortexm/bin/../lib/gcc/arm-none-eabi/10.3.1/thumb/v7e-m+dp/hard/crti.o
 .data          0x00000000        0x4 c:/gccarmtoolchain/gcc_hostcortexm/bin/../lib/gcc/arm-none-eabi/10.3.1/thumb/v7e-m+dp/hard/crtbegin.o
 .rodata        0x00000000       0x24 c:/gccarmtoolchain/gcc_hostcortexm/bin/../lib/gcc/arm-none-eabi/10.3.1/thumb/v7e-m+dp/hard/crtbegin.o
 .text          0x00000000       0x7c c:/gccarmtoolchain/gcc_hostcortexm/bin/../lib/gcc/arm-none-eabi/10.3.1/../../../../arm-none-eabi/lib/thumb/v7e-m+dp/hard/crt0.o
 .data          0x00000000        0x0 c:/gccarmtoolchain/gcc_hostcortexm/bin/../lib/gcc/arm-none-eabi/10.3.1/../../../../arm-none-eabi/lib/thumb/v7e-m+dp/hard/crt0.o
 .bss           0x00000000        0x0 c:/gccarmtoolchain/gcc_hostcortexm/bin/../lib/gcc/arm-none-eabi/10.3.1/../../../../arm-none-eabi/lib/thumb/v7e-m+dp/hard/crt0.o
 .ARM.extab     0x00000000        0x0 c:/gccarmtoolchain/gcc_hostcortexm/bin/../lib/gcc/arm-none-eabi/10.3.1/../../../../arm-none-eabi/lib/thumb/v7e-m+dp/hard/crt0.o
 .ARM.exidx     0x00000000       0x10 c:/gccarmtoolchain/gcc_hostcortexm/bin/../lib/gcc/arm-none-eabi/10.3.1/../../../../arm-none-eabi/lib/thumb/v7e-m+dp/hard/crt0.o
 .ARM.attributes
                0x00000000       0x1c c:/gccarmtoolchain/gcc_hostcortexm/bin/../lib/gcc/arm-none-eabi/10.3.1/../../../../arm-none-eabi/lib/thumb/v7e-m+dp/hard/crt0.o
 .text          0x00000000        0x0 c:/gccarmtoolchain/gcc_hostcortexm/bin/../lib/gcc/arm-none-eabi/10.3.1/../../../../arm-none-eabi/lib/thumb/v7e-m+dp/hard\libc_nano.a(lib_a-exit.o)
 .data          0x00000000        0x0 c:/gccarmtoolchain/gcc_hostcortexm/bin/../lib/gcc/arm-none-eabi/10.3.1/../../../../arm-none-eabi/lib/thumb/v7e-m+dp/hard\libc_nano.a(lib_a-exit.o)
 .bss           0x00000000        0x0 c:/gccarmtoolchain/gcc_hostcortexm/bin/../lib/gcc/arm-none-eabi/10.3.1/../../../../arm-none-eabi/lib/thumb/v7e-m+dp/hard\libc_nano.a(lib_a-exit.o)
 .text.exit     0x00000000       0x28 c:/gccarmtoolchain/gcc_hostcortexm/bin/../lib/gcc/arm-none-eabi/10.3.1/../../../../arm-none-eabi/lib/thumb/v7e-m+dp/hard\libc_nano.a(lib_a-exit.o)
 .debug_frame   0x00000000       0x28 c:/gccarmtoolchain/gcc_hostcortexm/bin/../lib/gcc/arm-none-eabi/10.3.1/../../../../arm-none-eabi/lib/thumb/v7e-m+dp/hard\libc_nano.a(lib_a-exit.o)
 .ARM.attributes
                0x00000000       0x32 c:/gccarmtoolchain/gcc_hostcortexm/bin/../lib/gcc/arm-none-eabi/10.3.1/../../../../arm-none-eabi/lib/thumb/v7e-m+dp/hard\libc_nano.a(lib_a-exit.o)
 .text          0x00000000        0x0 c:/gccarmtoolchain/gcc_hostcortexm/bin/../lib/gcc/arm-none-eabi/10.3.1/../../../../arm-none-eabi/lib/thumb/v7e-m+dp/hard\libc_nano.a(lib_a-impure.o)
 .data          0x00000000        0x0 c:/gccarmtoolchain/gcc_hostcortexm/bin/../lib/gcc/arm-none-eabi/10.3.1/../../../../arm-none-eabi/lib/thumb/v7e-m+dp/hard\libc_nano.a(lib_a-impure.o)
[...]
Memory Configuration

Name             Origin             Length             Attributes
FLASH            0x08000000         0x00100000         xr
RAM              0x20000000         0x00020000         xrw
ITCMRAM          0x00000000         0x00010000         xrw
*default*        0x00000000         0xffffffff

Linker script and memory map

LOAD c:/gccarmtoolchain/gcc_hostcortexm/bin/../lib/gcc/arm-none-eabi/10.3.1/thumb/v7e-m+dp/hard/crti.o
LOAD c:/gccarmtoolchain/gcc_hostcortexm/bin/../lib/gcc/arm-none-eabi/10.3.1/thumb/v7e-m+dp/hard/crtbegin.o
LOAD c:/gccarmtoolchain/gcc_hostcortexm/bin/../lib/gcc/arm-none-eabi/10.3.1/../../../../arm-none-eabi/lib/thumb/v7e-m+dp/hard/crt0.o
START GROUP
LOAD c:/gccarmtoolchain/gcc_hostcortexm/bin/../lib/gcc/arm-none-eabi/10.3.1/../../../../arm-none-eabi/lib/thumb/v7e-m+dp/hard\libc_nano.a
LOAD c:/gccarmtoolchain/gcc_hostcortexm/bin/../lib/gcc/arm-none-eabi/10.3.1/../../../../arm-none-eabi/lib/thumb/v7e-m+dp/hard\libm.a
END GROUP
LOAD CMakeFiles/STM32_Drivers.dir/C_/CoffeeWithEmbedded/STM_Projects/LedProject/Common/Src/system_stm32h7xx_dualcore_boot_cm4_cm7.c.obj
LOAD CMakeFiles/STM32_Drivers.dir/C_/CoffeeWithEmbedded/STM_Projects/LedProject/Drivers/STM32H7xx_HAL_Driver/Src/stm32h7xx_hal_cortex.c.obj
LOAD CMakeFiles/STM32_Drivers.dir/C_/CoffeeWithEmbedded/STM_Projects/LedProject/Drivers/STM32H7xx_HAL_Driver/Src/stm32h7xx_hal_pwr.c.obj
LOAD CMakeFiles/STM32_Drivers.dir/C_/CoffeeWithEmbedded/STM_Projects/LedProject/Drivers/STM32H7xx_HAL_Driver/Src/stm32h7xx_hal_pwr_ex.c.obj
LOAD CMakeFiles/STM32_Drivers.dir/C_/CoffeeWithEmbedded/STM_Projects/LedProject/Drivers/STM32H7xx_HAL_Driver/Src/stm32h7xx_hal_rcc.c.obj
LOAD CMakeFiles/STM32_Drivers.dir/C_/CoffeeWithEmbedded/STM_Projects/LedProject/Drivers/STM32H7xx_HAL_Driver/Src/stm32h7xx_hal_rcc_ex.c.obj
LOAD CMakeFiles/STM32_Drivers.dir/C_/CoffeeWithEmbedded/STM_Projects/LedProject/Drivers/STM32H7xx_HAL_Driver/Src/stm32h7xx_hal_flash.c.obj
LOAD CMakeFiles/STM32_Drivers.dir/C_/CoffeeWithEmbedded/STM_Projects/LedProject/Drivers/STM32H7xx_HAL_Driver/Src/stm32h7xx_hal_flash_ex.c.obj
LOAD CMakeFiles/STM32_Drivers.dir/C_/CoffeeWithEmbedded/STM_Projects/LedProject/Drivers/STM32H7xx_HAL_Driver/Src/stm32h7xx_hal_gpio.c.obj
LOAD CMakeFiles/STM32_Drivers.dir/C_/CoffeeWithEmbedded/STM_Projects/LedProject/Drivers/STM32H7xx_HAL_Driver/Src/stm32h7xx_hal_hsem.c.obj
LOAD CMakeFiles/STM32_Drivers.dir/C_/CoffeeWithEmbedded/STM_Projects/LedProject/Drivers/STM32H7xx_HAL_Driver/Src/stm32h7xx_hal_dma.c.obj
LOAD CMakeFiles/STM32_Drivers.dir/C_/CoffeeWithEmbedded/STM_Projects/LedProject/Drivers/STM32H7xx_HAL_Driver/Src/stm32h7xx_hal_dma_ex.c.obj
LOAD CMakeFiles/STM32_Drivers.dir/C_/CoffeeWithEmbedded/STM_Projects/LedProject/Drivers/STM32H7xx_HAL_Driver/Src/stm32h7xx_hal_mdma.c.obj
LOAD CMakeFiles/STM32_Drivers.dir/C_/CoffeeWithEmbedded/STM_Projects/LedProject/Drivers/STM32H7xx_HAL_Driver/Src/stm32h7xx_hal.c.obj
LOAD CMakeFiles/STM32_Drivers.dir/C_/CoffeeWithEmbedded/STM_Projects/LedProject/Drivers/STM32H7xx_HAL_Driver/Src/stm32h7xx_hal_i2c.c.obj
LOAD CMakeFiles/STM32_Drivers.dir/C_/CoffeeWithEmbedded/STM_Projects/LedProject/Drivers/STM32H7xx_HAL_Driver/Src/stm32h7xx_hal_i2c_ex.c.obj
LOAD CMakeFiles/STM32_Drivers.dir/C_/CoffeeWithEmbedded/STM_Projects/LedProject/Drivers/STM32H7xx_HAL_Driver/Src/stm32h7xx_hal_exti.c.obj
LOAD CMakeFiles/LedProject_CM7.dir/Core/Src/main.c.obj
LOAD CMakeFiles/LedProject_CM7.dir/Core/Src/stm32h7xx_it.c.obj
LOAD CMakeFiles/LedProject_CM7.dir/Core/Src/stm32h7xx_hal_msp.c.obj
LOAD CMakeFiles/LedProject_CM7.dir/Core/Src/sysmem.c.obj
LOAD CMakeFiles/LedProject_CM7.dir/Core/Src/syscalls.c.obj
LOAD CMakeFiles/LedProject_CM7.dir/Core/Startup/startup_stm32h745xx_CM7.s.obj
START GROUP
LOAD c:/gccarmtoolchain/gcc_hostcortexm/bin/../lib/gcc/arm-none-eabi/10.3.1/thumb/v7e-m+dp/hard\libgcc.a
LOAD c:/gccarmtoolchain/gcc_hostcortexm/bin/../lib/gcc/arm-none-eabi/10.3.1/../../../../arm-none-eabi/lib/thumb/v7e-m+dp/hard\libg_nano.a
LOAD c:/gccarmtoolchain/gcc_hostcortexm/bin/../lib/gcc/arm-none-eabi/10.3.1/../../../../arm-none-eabi/lib/thumb/v7e-m+dp/hard\libc_nano.a
END GROUP
START GROUP
LOAD c:/gccarmtoolchain/gcc_hostcortexm/bin/../lib/gcc/arm-none-eabi/10.3.1/thumb/v7e-m+dp/hard\libgcc.a
LOAD c:/gccarmtoolchain/gcc_hostcortexm/bin/../lib/gcc/arm-none-eabi/10.3.1/../../../../arm-none-eabi/lib/thumb/v7e-m+dp/hard\libc_nano.a
END GROUP
LOAD c:/gccarmtoolchain/gcc_hostcortexm/bin/../lib/gcc/arm-none-eabi/10.3.1/thumb/v7e-m+dp/hard/crtend.o
LOAD c:/gccarmtoolchain/gcc_hostcortexm/bin/../lib/gcc/arm-none-eabi/10.3.1/thumb/v7e-m+dp/hard/crtn.o
                0x20020000                _estack = 0x20020000
                0x00000200                _Min_Heap_Size = 0x200
                0x00000400                _Min_Stack_Size = 0x400

.isr_vector     0x08000000      0x298
                0x08000000                . = ALIGN (0x4)
 *(.isr_vector)
 .isr_vector    0x08000000      0x298 CMakeFiles/LedProject_CM7.dir/Core/Startup/startup_stm32h745xx_CM7.s.obj
                0x08000000                g_pfnVectors
                0x08000298                . = ALIGN (0x4)

.text           0x08000298     0x17b4
                0x08000298                . = ALIGN (0x4)
 *(.text)
 .text          0x08000298       0x40 c:/gccarmtoolchain/gcc_hostcortexm/bin/../lib/gcc/arm-none-eabi/10.3.1/thumb/v7e-m+dp/hard/crtbegin.o
 *(.text*)
 .text.__libc_init_array
                0x080002d8       0x48 c:/gccarmtoolchain/gcc_hostcortexm/bin/../lib/gcc/arm-none-eabi/10.3.1/../../../../arm-none-eabi/lib/thumb/v7e-m+dp/hard\libc_nano.a(lib_a-init.o)
                0x080002d8                __libc_init_array
 .text.memset   0x08000320       0x10 c:/gccarmtoolchain/gcc_hostcortexm/bin/../lib/gcc/arm-none-eabi/10.3.1/../../../../arm-none-eabi/lib/thumb/v7e-m+dp/hard\libc_nano.a(lib_a-memset.o)
                0x08000320                memset
 .text.SystemInit
                0x08000330      0x15c CMakeFiles/STM32_Drivers.dir/C_/CoffeeWithEmbedded/STM_Projects/LedProject/Common/Src/system_stm32h7xx_dualcore_boot_cm4_cm7.c.obj
                0x08000330                SystemInit
 .text.ExitRun0Mode
                0x0800048c       0x30 CMakeFiles/STM32_Drivers.dir/C_/CoffeeWithEmbedded/STM_Projects/LedProject/Common/Src/system_stm32h7xx_dualcore_boot_cm4_cm7.c.obj
                0x0800048c                ExitRun0Mode
 .text.__NVIC_SetPriorityGrouping
                0x080004bc       0x48 CMakeFiles/STM32_Drivers.dir/C_/CoffeeWithEmbedded/STM_Projects/LedProject/Drivers/STM32H7xx_HAL_Driver/Src/stm32h7xx_hal_cortex.c.obj
 .text.__NVIC_GetPriorityGrouping
                0x08000504       0x1c CMakeFiles/STM32_Drivers.dir/C_/CoffeeWithEmbedded/STM_Projects/LedProject/Drivers/STM32H7xx_HAL_Driver/Src/stm32h7xx_hal_cortex.c.obj
 .text.__NVIC_SetPriority
                0x08000520       0x54 CMakeFiles/STM32_Drivers.dir/C_/CoffeeWithEmbedded/STM_Projects/LedProject/Drivers/STM32H7xx_HAL_Driver/Src/stm32h7xx_hal_cortex.c.obj
 .text.NVIC_EncodePriority
                0x08000574       0x66 CMakeFiles/STM32_Drivers.dir/C_/CoffeeWithEmbedded/STM_Projects/LedProject/Drivers/STM32H7xx_HAL_Driver/Src/stm32h7xx_hal_cortex.c.obj
 *fill*         0x080005da        0x2 
 .text.SysTick_Config
                0x080005dc       0x44 CMakeFiles/STM32_Drivers.dir/C_/CoffeeWithEmbedded/STM_Projects/LedProject/Drivers/STM32H7xx_HAL_Driver/Src/stm32h7xx_hal_cortex.c.obj
 .text.HAL_NVIC_SetPriorityGrouping
                0x08000620       0x16 CMakeFiles/STM32_Drivers.dir/C_/CoffeeWithEmbedded/STM_Projects/LedProject/Drivers/STM32H7xx_HAL_Driver/Src/stm32h7xx_hal_cortex.c.obj
                0x08000620                HAL_NVIC_SetPriorityGrouping
 .text.HAL_NVIC_SetPriority
                0x08000636       0x34 CMakeFiles/STM32_Drivers.dir/C_/CoffeeWithEmbedded/STM_Projects/LedProject/Drivers/STM32H7xx_HAL_Driver/Src/stm32h7xx_hal_cortex.c.obj
                0x08000636                HAL_NVIC_SetPriority
 .text.HAL_SYSTICK_Config
                0x0800066a       0x18 CMakeFiles/STM32_Drivers.dir/C_/CoffeeWithEmbedded/STM_Projects/LedProject/Drivers/STM32H7xx_HAL_Driver/Src/stm32h7xx_hal_cortex.c.obj
                0x0800066a                HAL_SYSTICK_Config
 *fill*         0x08000682        0x2 
 .text.HAL_PWREx_ConfigSupply
                0x08000684       0xb4 CMakeFiles/STM32_Drivers.dir/C_/CoffeeWithEmbedded/STM_Projects/LedProject/Drivers/STM32H7xx_HAL_Driver/Src/stm32h7xx_hal_pwr_ex.c.obj
                0x08000684                HAL_PWREx_ConfigSupply
 .text.HAL_RCC_OscConfig
                0x08000738      0x8b4 CMakeFiles/STM32_Drivers.dir/C_/CoffeeWithEmbedded/STM_Projects/LedProject/Drivers/STM32H7xx_HAL_Driver/Src/stm32h7xx_hal_rcc.c.obj
                0x08000738                HAL_RCC_OscConfig
 .text.HAL_RCC_ClockConfig
                0x08000fec      0x36c CMakeFiles/STM32_Drivers.dir/C_/CoffeeWithEmbedded/STM_Projects/LedProject/Drivers/STM32H7xx_HAL_Driver/Src/stm32h7xx_hal_rcc.c.obj
                0x08000fec                HAL_RCC_ClockConfig
 .text.HAL_RCC_GetSysClockFreq
                0x08001358      0x2f4 CMakeFiles/STM32_Drivers.dir/C_/CoffeeWithEmbedded/STM_Projects/LedProject/Drivers/STM32H7xx_HAL_Driver/Src/stm32h7xx_hal_rcc.c.obj
                0x08001358                HAL_RCC_GetSysClockFreq
 .text.HAL_HSEM_FastTake
                0x0800164c       0x34 CMakeFiles/STM32_Drivers.dir/C_/CoffeeWithEmbedded/STM_Projects/LedProject/Drivers/STM32H7xx_HAL_Driver/Src/stm32h7xx_hal_hsem.c.obj
                0x0800164c                HAL_HSEM_FastTake
 .text.HAL_HSEM_Release
                0x08001680       0x28 CMakeFiles/STM32_Drivers.dir/C_/CoffeeWithEmbedded/STM_Projects/LedProject/Drivers/STM32H7xx_HAL_Driver/Src/stm32h7xx_hal_hsem.c.obj
                0x08001680                HAL_HSEM_Release
 .text.HAL_Init
                0x080016a8       0x78 CMakeFiles/STM32_Drivers.dir/C_/CoffeeWithEmbedded/STM_Projects/LedProject/Drivers/STM32H7xx_HAL_Driver/Src/stm32h7xx_hal.c.obj
                0x080016a8                HAL_Init
 .text.HAL_InitTick
                0x08001720       0x6c CMakeFiles/STM32_Drivers.dir/C_/CoffeeWithEmbedded/STM_Projects/LedProject/Drivers/STM32H7xx_HAL_Driver/Src/stm32h7xx_hal.c.obj
                0x08001720                HAL_InitTick
 .text.HAL_IncTick
                0x0800178c       0x28 CMakeFiles/STM32_Drivers.dir/C_/CoffeeWithEmbedded/STM_Projects/LedProject/Drivers/STM32H7xx_HAL_Driver/Src/stm32h7xx_hal.c.obj
                0x0800178c                HAL_IncTick
 .text.HAL_GetTick
                0x080017b4       0x18 CMakeFiles/STM32_Drivers.dir/C_/CoffeeWithEmbedded/STM_Projects/LedProject/Drivers/STM32H7xx_HAL_Driver/Src/stm32h7xx_hal.c.obj
                0x080017b4                HAL_GetTick
 .text.HAL_GetREVID
                0x080017cc       0x18 CMakeFiles/STM32_Drivers.dir/C_/CoffeeWithEmbedded/STM_Projects/LedProject/Drivers/STM32H7xx_HAL_Driver/Src/stm32h7xx_hal.c.obj
                0x080017cc                HAL_GetREVID
 .text.main     0x080017e4       0x90 CMakeFiles/LedProject_CM7.dir/Core/Src/main.c.obj
                0x080017e4                main
 .text.SystemClock_Config
                0x08001874       0xd4 CMakeFiles/LedProject_CM7.dir/Core/Src/main.c.obj
                0x08001874                SystemClock_Config
 .text.Error_Handler
                0x08001948        0xa CMakeFiles/LedProject_CM7.dir/Core/Src/main.c.obj
                0x08001948                Error_Handler
 .text.NMI_Handler
                0x08001952        0x6 CMakeFiles/LedProject_CM7.dir/Core/Src/stm32h7xx_it.c.obj
                0x08001952                NMI_Handler
 .text.HardFault_Handler
                0x08001958        0x6 CMakeFiles/LedProject_CM7.dir/Core/Src/stm32h7xx_it.c.obj
                0x08001958                HardFault_Handler
 .text.MemManage_Handler
                0x0800195e        0x6 CMakeFiles/LedProject_CM7.dir/Core/Src/stm32h7xx_it.c.obj
                0x0800195e                MemManage_Handler
 .text.BusFault_Handler
                0x08001964        0x6 CMakeFiles/LedProject_CM7.dir/Core/Src/stm32h7xx_it.c.obj
                0x08001964                BusFault_Handler
 .text.UsageFault_Handler
                0x0800196a        0x6 CMakeFiles/LedProject_CM7.dir/Core/Src/stm32h7xx_it.c.obj
                0x0800196a                UsageFault_Handler
 .text.SVC_Handler
                0x08001970        0xe CMakeFiles/LedProject_CM7.dir/Core/Src/stm32h7xx_it.c.obj
                0x08001970                SVC_Handler
 .text.DebugMon_Handler
                0x0800197e        0xe CMakeFiles/LedProject_CM7.dir/Core/Src/stm32h7xx_it.c.obj
                0x0800197e                DebugMon_Handler
 .text.PendSV_Handler
                0x0800198c        0xe CMakeFiles/LedProject_CM7.dir/Core/Src/stm32h7xx_it.c.obj
                0x0800198c                PendSV_Handler
 .text.SysTick_Handler
                0x0800199a        0xc CMakeFiles/LedProject_CM7.dir/Core/Src/stm32h7xx_it.c.obj
                0x0800199a                SysTick_Handler
 *fill*         0x080019a6        0x2 
 .text.HAL_MspInit
                0x080019a8       0x34 CMakeFiles/LedProject_CM7.dir/Core/Src/stm32h7xx_hal_msp.c.obj
                0x080019a8                HAL_MspInit
 .text.Reset_Handler
                0x080019dc       0x54 CMakeFiles/LedProject_CM7.dir/Core/Startup/startup_stm32h745xx_CM7.s.obj
                0x080019dc                Reset_Handler
 .text.Default_Handler
                0x08001a30        0x2 CMakeFiles/LedProject_CM7.dir/Core/Startup/startup_stm32h745xx_CM7.s.obj
                0x08001a30                RTC_Alarm_IRQHandler
                0x08001a30                EXTI2_IRQHandler
                0x08001a30                TIM8_CC_IRQHandler
                0x08001a30                HRTIM1_Master_IRQHandler
                0x08001a30                UART8_IRQHandler
                0x08001a30                SPI4_IRQHandler
                0x08001a30                TIM1_CC_IRQHandler
                0x08001a30                BDMA_Channel6_IRQHandler
                0x08001a30                DMA2_Stream5_IRQHandler
                0x08001a30                HRTIM1_FLT_IRQHandler
                0x08001a30                JPEG_IRQHandler
                0x08001a30                DMA1_Stream5_IRQHandler
                0x08001a30                BDMA_Channel1_IRQHandler
                0x08001a30                HRTIM1_TIMD_IRQHandler
                0x08001a30                TAMP_STAMP_IRQHandler
                0x08001a30                EXTI3_IRQHandler
                0x08001a30                LPTIM4_IRQHandler
                0x08001a30                TIM8_TRG_COM_TIM14_IRQHandler
                0x08001a30                LPTIM2_IRQHandler
                0x08001a30                DFSDM1_FLT1_IRQHandler
                0x08001a30                DMAMUX2_OVR_IRQHandler
                0x08001a30                TIM8_UP_TIM13_IRQHandler
                0x08001a30                I2C3_ER_IRQHandler
                0x08001a30                DFSDM1_FLT2_IRQHandler
                0x08001a30                MDMA_IRQHandler
                0x08001a30                LPTIM3_IRQHandler
                0x08001a30                HSEM1_IRQHandler
                0x08001a30                EXTI0_IRQHandler
                0x08001a30                I2C2_EV_IRQHandler
                0x08001a30                DMA1_Stream2_IRQHandler
                0x08001a30                FPU_IRQHandler
                0x08001a30                OTG_HS_WKUP_IRQHandler
                0x08001a30                FDCAN1_IT1_IRQHandler
                0x08001a30                LTDC_ER_IRQHandler
                0x08001a30                DMA2_Stream2_IRQHandler
                0x08001a30                HRTIM1_TIME_IRQHandler
                0x08001a30                SPI1_IRQHandler
                0x08001a30                TIM6_DAC_IRQHandler
                0x08001a30                DCMI_IRQHandler
                0x08001a30                HRTIM1_TIMC_IRQHandler
                0x08001a30                DMA2_Stream3_IRQHandler
                0x08001a30                SAI2_IRQHandler
                0x08001a30                DFSDM1_FLT3_IRQHandler
                0x08001a30                USART6_IRQHandler
                0x08001a30                TIM17_IRQHandler
                0x08001a30                USART3_IRQHandler
                0x08001a30                BDMA_Channel7_IRQHandler
                0x08001a30                LPTIM5_IRQHandler
                0x08001a30                UART5_IRQHandler
                0x08001a30                ADC3_IRQHandler
                0x08001a30                DMA2_Stream0_IRQHandler
                0x08001a30                TIM4_IRQHandler
                0x08001a30                BDMA_Channel2_IRQHandler
                0x08001a30                QUADSPI_IRQHandler
                0x08001a30                I2C1_EV_IRQHandler
                0x08001a30                DMA1_Stream6_IRQHandler
                0x08001a30                DMAMUX1_OVR_IRQHandler
                0x08001a30                DMA1_Stream1_IRQHandler
                0x08001a30                TIM16_IRQHandler
                0x08001a30                UART4_IRQHandler
                0x08001a30                BDMA_Channel5_IRQHandler
                0x08001a30                TIM3_IRQHandler
                0x08001a30                RCC_IRQHandler
                0x08001a30                TIM8_BRK_TIM12_IRQHandler
                0x08001a30                TIM1_TRG_COM_IRQHandler
                0x08001a30                Default_Handler
                0x08001a30                ECC_IRQHandler
                0x08001a30                CEC_IRQHandler
                0x08001a30                EXTI15_10_IRQHandler
                0x08001a30                BDMA_Channel0_IRQHandler
                0x08001a30                ADC_IRQHandler
                0x08001a30                DMA1_Stream7_IRQHandler
                0x08001a30                HRTIM1_TIMA_IRQHandler
                0x08001a30                SPI5_IRQHandler
                0x08001a30                TIM7_IRQHandler
                0x08001a30                SDMMC1_IRQHandler
                0x08001a30                TIM5_IRQHandler
                0x08001a30                DMA2_Stream7_IRQHandler
                0x08001a30                TIM15_IRQHandler
                0x08001a30                PVD_AVD_IRQHandler
                0x08001a30                I2C3_EV_IRQHandler
                0x08001a30                EXTI9_5_IRQHandler
                0x08001a30                RTC_WKUP_IRQHandler
                0x08001a30                LTDC_IRQHandler
                0x08001a30                SAI3_IRQHandler
                0x08001a30                ETH_WKUP_IRQHandler
                0x08001a30                SPDIF_RX_IRQHandler
                0x08001a30                SPI2_IRQHandler
                0x08001a30                OTG_HS_EP1_IN_IRQHandler
                0x08001a30                DMA1_Stream0_IRQHandler
                0x08001a30                CRS_IRQHandler
                0x08001a30                CM7_SEV_IRQHandler
                0x08001a30                EXTI4_IRQHandler
                0x08001a30                RNG_IRQHandler
                0x08001a30                CM4_SEV_IRQHandler
                0x08001a30                HRTIM1_TIMB_IRQHandler
                0x08001a30                FDCAN2_IT1_IRQHandler
                0x08001a30                ETH_IRQHandler
                0x08001a30                TIM1_UP_IRQHandler
                0x08001a30                WWDG_RST_IRQHandler
                0x08001a30                BDMA_Channel4_IRQHandler
                0x08001a30                OTG_HS_EP1_OUT_IRQHandler
                0x08001a30                WWDG_IRQHandler
                0x08001a30                SPI6_IRQHandler
                0x08001a30                MDIOS_IRQHandler
                0x08001a30                I2C4_EV_IRQHandler
                0x08001a30                FDCAN2_IT0_IRQHandler
                0x08001a30                LPUART1_IRQHandler
                0x08001a30                FDCAN1_IT0_IRQHandler
                0x08001a30                TIM2_IRQHandler
                0x08001a30                OTG_FS_WKUP_IRQHandler
                0x08001a30                OTG_HS_IRQHandler
                0x08001a30                HSEM2_IRQHandler
                0x08001a30                DMA2D_IRQHandler
                0x08001a30                TIM1_BRK_IRQHandler
                0x08001a30                EXTI1_IRQHandler
                0x08001a30                SDMMC2_IRQHandler
                0x08001a30                OTG_FS_EP1_OUT_IRQHandler
                0x08001a30                BDMA_Channel3_IRQHandler
                0x08001a30                HOLD_CORE_IRQHandler
                0x08001a30                UART7_IRQHandler
                0x08001a30                MDIOS_WKUP_IRQHandler
                0x08001a30                USART2_IRQHandler
                0x08001a30                DFSDM1_FLT0_IRQHandler
                0x08001a30                SAI4_IRQHandler
                0x08001a30                I2C2_ER_IRQHandler
                0x08001a30                DMA2_Stream1_IRQHandler
                0x08001a30                FLASH_IRQHandler
                0x08001a30                DMA2_Stream4_IRQHandler
                0x08001a30                USART1_IRQHandler
                0x08001a30                OTG_FS_IRQHandler
                0x08001a30                SPI3_IRQHandler
                0x08001a30                WAKEUP_PIN_IRQHandler
                0x08001a30                DMA1_Stream4_IRQHandler
                0x08001a30                OTG_FS_EP1_IN_IRQHandler
                0x08001a30                I2C1_ER_IRQHandler
                0x08001a30                FMC_IRQHandler
                0x08001a30                FDCAN_CAL_IRQHandler
                0x08001a30                SWPMI1_IRQHandler
                0x08001a30                COMP1_IRQHandler
                0x08001a30                LPTIM1_IRQHandler
                0x08001a30                I2C4_ER_IRQHandler
                0x08001a30                DMA2_Stream6_IRQHandler
                0x08001a30                SAI1_IRQHandler
                0x08001a30                DMA1_Stream3_IRQHandler
 *(.glue_7)
 .glue_7        0x08001a32        0x0 linker stubs
 *(.glue_7t)
 .glue_7t       0x08001a32        0x0 linker stubs
 *(.eh_frame)
 *fill*         0x08001a32        0x2 
 .eh_frame      0x08001a34        0x0 c:/gccarmtoolchain/gcc_hostcortexm/bin/../lib/gcc/arm-none-eabi/10.3.1/thumb/v7e-m+dp/hard/crtbegin.o
 *(.init)
 .init          0x08001a34        0x4 c:/gccarmtoolchain/gcc_hostcortexm/bin/../lib/gcc/arm-none-eabi/10.3.1/thumb/v7e-m+dp/hard/crti.o
                0x08001a34                _init
 .init          0x08001a38        0x8 c:/gccarmtoolchain/gcc_hostcortexm/bin/../lib/gcc/arm-none-eabi/10.3.1/thumb/v7e-m+dp/hard/crtn.o
 *(.fini)
 .fini          0x08001a40        0x4 c:/gccarmtoolchain/gcc_hostcortexm/bin/../lib/gcc/arm-none-eabi/10.3.1/thumb/v7e-m+dp/hard/crti.o
                0x08001a40                _fini
 .fini          0x08001a44        0x8 c:/gccarmtoolchain/gcc_hostcortexm/bin/../lib/gcc/arm-none-eabi/10.3.1/thumb/v7e-m+dp/hard/crtn.o
                0x08001a4c                . = ALIGN (0x4)
                0x08001a4c                _etext = .

.vfp11_veneer   0x08001a4c        0x0
 .vfp11_veneer  0x08001a4c        0x0 linker stubs

.v4_bx          0x08001a4c        0x0
 .v4_bx         0x08001a4c        0x0 linker stubs

.iplt           0x08001a4c        0x0
 .iplt          0x08001a4c        0x0 c:/gccarmtoolchain/gcc_hostcortexm/bin/../lib/gcc/arm-none-eabi/10.3.1/thumb/v7e-m+dp/hard/crtbegin.o

.rodata         0x08001a4c       0x10
                0x08001a4c                . = ALIGN (0x4)
 *(.rodata)
 *(.rodata*)
 .rodata.D1CorePrescTable
                0x08001a4c       0x10 CMakeFiles/STM32_Drivers.dir/C_/CoffeeWithEmbedded/STM_Projects/LedProject/Common/Src/system_stm32h7xx_dualcore_boot_cm4_cm7.c.obj
                0x08001a4c                D1CorePrescTable
                0x08001a5c                . = ALIGN (0x4)

.rel.dyn        0x08001a5c        0x0
 .rel.iplt      0x08001a5c        0x0 c:/gccarmtoolchain/gcc_hostcortexm/bin/../lib/gcc/arm-none-eabi/10.3.1/thumb/v7e-m+dp/hard/crtbegin.o

.ARM.extab      0x08001a5c        0x0
                0x08001a5c                . = ALIGN (0x4)
 *(.ARM.extab* .gnu.linkonce.armextab.*)
                0x08001a5c                . = ALIGN (0x4)

.ARM            0x08001a5c        0x0
                0x08001a5c                . = ALIGN (0x4)
                0x08001a5c                __exidx_start = .
 *(.ARM.exidx*)
                0x08001a5c                __exidx_end = .
                0x08001a5c                . = ALIGN (0x4)

.preinit_array  0x08001a5c        0x0
                0x08001a5c                . = ALIGN (0x4)
                0x08001a5c                PROVIDE (__preinit_array_start = .)
 *(.preinit_array*)
                0x08001a5c                PROVIDE (__preinit_array_end = .)
                0x08001a5c                . = ALIGN (0x4)

.init_array     0x08001a5c        0x4
                0x08001a5c                . = ALIGN (0x4)
                0x08001a5c                PROVIDE (__init_array_start = .)
 *(SORT_BY_NAME(.init_array.*))
 *(.init_array*)
 .init_array    0x08001a5c        0x4 c:/gccarmtoolchain/gcc_hostcortexm/bin/../lib/gcc/arm-none-eabi/10.3.1/thumb/v7e-m+dp/hard/crtbegin.o
                0x08001a60                PROVIDE (__init_array_end = .)
                0x08001a60                . = ALIGN (0x4)

.fini_array     0x08001a60        0x4
                0x08001a60                . = ALIGN (0x4)
                [!provide]                PROVIDE (__fini_array_start = .)
 *(SORT_BY_NAME(.fini_array.*))
 *(.fini_array*)
 .fini_array    0x08001a60        0x4 c:/gccarmtoolchain/gcc_hostcortexm/bin/../lib/gcc/arm-none-eabi/10.3.1/thumb/v7e-m+dp/hard/crtbegin.o
                [!provide]                PROVIDE (__fini_array_end = .)
                0x08001a64                . = ALIGN (0x4)
                0x08001a64                _sidata = LOADADDR (.data)

.data           0x20000000       0x10 load address 0x08001a64
                0x20000000                . = ALIGN (0x4)
                0x20000000                _sdata = .
 *(.data)
 *(.data*)
 .data.SystemCoreClock
                0x20000000        0x4 CMakeFiles/STM32_Drivers.dir/C_/CoffeeWithEmbedded/STM_Projects/LedProject/Common/Src/system_stm32h7xx_dualcore_boot_cm4_cm7.c.obj
                0x20000000                SystemCoreClock
 .data.SystemD2Clock
                0x20000004        0x4 CMakeFiles/STM32_Drivers.dir/C_/CoffeeWithEmbedded/STM_Projects/LedProject/Common/Src/system_stm32h7xx_dualcore_boot_cm4_cm7.c.obj
                0x20000004                SystemD2Clock
 .data.uwTickPrio
                0x20000008        0x4 CMakeFiles/STM32_Drivers.dir/C_/CoffeeWithEmbedded/STM_Projects/LedProject/Drivers/STM32H7xx_HAL_Driver/Src/stm32h7xx_hal.c.obj
                0x20000008                uwTickPrio
 .data.uwTickFreq
                0x2000000c        0x1 CMakeFiles/STM32_Drivers.dir/C_/CoffeeWithEmbedded/STM_Projects/LedProject/Drivers/STM32H7xx_HAL_Driver/Src/stm32h7xx_hal.c.obj
                0x2000000c                uwTickFreq
                0x20000010                . = ALIGN (0x4)
 *fill*         0x2000000d        0x3 
                0x20000010                _edata = .

.igot.plt       0x20000010        0x0 load address 0x08001a74
 .igot.plt      0x20000010        0x0 c:/gccarmtoolchain/gcc_hostcortexm/bin/../lib/gcc/arm-none-eabi/10.3.1/thumb/v7e-m+dp/hard/crtbegin.o
                0x20000010                . = ALIGN (0x4)

.bss            0x20000010       0x20 load address 0x08001a74
                0x20000010                _sbss = .
                0x20000010                __bss_start__ = _sbss
 *(.bss)
 .bss           0x20000010       0x1c c:/gccarmtoolchain/gcc_hostcortexm/bin/../lib/gcc/arm-none-eabi/10.3.1/thumb/v7e-m+dp/hard/crtbegin.o
 *(.bss*)
 .bss.uwTick    0x2000002c        0x4 CMakeFiles/STM32_Drivers.dir/C_/CoffeeWithEmbedded/STM_Projects/LedProject/Drivers/STM32H7xx_HAL_Driver/Src/stm32h7xx_hal.c.obj
                0x2000002c                uwTick
 *(COMMON)
                0x20000030                . = ALIGN (0x4)
                0x20000030                _ebss = .
                0x20000030                __bss_end__ = _ebss

._user_heap_stack
                0x20000030      0x600 load address 0x08001a74
                0x20000030                . = ALIGN (0x8)
                [!provide]                PROVIDE (end = .)
                0x20000030                PROVIDE (_end = .)
                0x20000230                . = (. + _Min_Heap_Size)
 *fill*         0x20000030      0x200 
                0x20000630                . = (. + _Min_Stack_Size)
 *fill*         0x20000230      0x400 
                0x20000630                . = ALIGN (0x8)

/DISCARD/
 libc.a(*)
 libm.a(*)
 libgcc.a(*)

.ARM.attributes
                0x00000000       0x2e
 *(.ARM.attributes)
 .ARM.attributes
                0x00000000       0x1e c:/gccarmtoolchain/gcc_hostcortexm/bin/../lib/gcc/arm-none-eabi/10.3.1/thumb/v7e-m+dp/hard/crti.o
 .ARM.attributes
                0x0000001e       0x32 c:/gccarmtoolchain/gcc_hostcortexm/bin/../lib/gcc/arm-none-eabi/10.3.1/thumb/v7e-m+dp/hard/crtbegin.o
 .ARM.attributes
                0x00000050       0x32 c:/gccarmtoolchain/gcc_hostcortexm/bin/../lib/gcc/arm-none-eabi/10.3.1/../../../../arm-none-eabi/lib/thumb/v7e-m+dp/hard\libc_nano.a(lib_a-init.o)
 .ARM.attributes
                0x00000082       0x32 c:/gccarmtoolchain/gcc_hostcortexm/bin/../lib/gcc/arm-none-eabi/10.3.1/../../../../arm-none-eabi/lib/thumb/v7e-m+dp/hard\libc_nano.a(lib_a-memset.o)
 .ARM.attributes
                0x000000b4       0x32 CMakeFiles/STM32_Drivers.dir/C_/CoffeeWithEmbedded/STM_Projects/LedProject/Common/Src/system_stm32h7xx_dualcore_boot_cm4_cm7.c.obj
 .ARM.attributes
                0x000000e6       0x32 CMakeFiles/STM32_Drivers.dir/C_/CoffeeWithEmbedded/STM_Projects/LedProject/Drivers/STM32H7xx_HAL_Driver/Src/stm32h7xx_hal_cortex.c.obj
 .ARM.attributes
                0x00000118       0x32 CMakeFiles/STM32_Drivers.dir/C_/CoffeeWithEmbedded/STM_Projects/LedProject/Drivers/STM32H7xx_HAL_Driver/Src/stm32h7xx_hal_pwr_ex.c.obj
 .ARM.attributes
                0x0000014a       0x32 CMakeFiles/STM32_Drivers.dir/C_/CoffeeWithEmbedded/STM_Projects/LedProject/Drivers/STM32H7xx_HAL_Driver/Src/stm32h7xx_hal_rcc.c.obj
 .ARM.attributes
                0x0000017c       0x32 CMakeFiles/STM32_Drivers.dir/C_/CoffeeWithEmbedded/STM_Projects/LedProject/Drivers/STM32H7xx_HAL_Driver/Src/stm32h7xx_hal_hsem.c.obj
 .ARM.attributes
                0x000001ae       0x32 CMakeFiles/STM32_Drivers.dir/C_/CoffeeWithEmbedded/STM_Projects/LedProject/Drivers/STM32H7xx_HAL_Driver/Src/stm32h7xx_hal.c.obj
 .ARM.attributes
                0x000001e0       0x32 CMakeFiles/LedProject_CM7.dir/Core/Src/main.c.obj
 .ARM.attributes
                0x00000212       0x32 CMakeFiles/LedProject_CM7.dir/Core/Src/stm32h7xx_it.c.obj
 .ARM.attributes
                0x00000244       0x32 CMakeFiles/LedProject_CM7.dir/Core/Src/stm32h7xx_hal_msp.c.obj
 .ARM.attributes
                0x00000276       0x21 CMakeFiles/LedProject_CM7.dir/Core/Startup/startup_stm32h745xx_CM7.s.obj
 .ARM.attributes
                0x00000297       0x1e c:/gccarmtoolchain/gcc_hostcortexm/bin/../lib/gcc/arm-none-eabi/10.3.1/thumb/v7e-m+dp/hard/crtn.o
OUTPUT(LedProject_CM7.elf elf32-littlearm)
LOAD linker stubs
LOAD c:/gccarmtoolchain/gcc_hostcortexm/bin/../lib/gcc/arm-none-eabi/10.3.1/../../../../arm-none-eabi/lib/thumb/v7e-m+dp/hard\libc.a
LOAD c:/gccarmtoolchain/gcc_hostcortexm/bin/../lib/gcc/arm-none-eabi/10.3.1/../../../../arm-none-eabi/lib/thumb/v7e-m+dp/hard\libm.a
LOAD c:/gccarmtoolchain/gcc_hostcortexm/bin/../lib/gcc/arm-none-eabi/10.3.1/thumb/v7e-m+dp/hard\libgcc.a

.debug_frame    0x00000000     0x195c
 .debug_frame   0x00000000       0x2c c:/gccarmtoolchain/gcc_hostcortexm/bin/../lib/gcc/arm-none-eabi/10.3.1/../../../../arm-none-eabi/lib/thumb/v7e-m+dp/hard\libc_nano.a(lib_a-init.o)
 .debug_frame   0x0000002c       0x20 c:/gccarmtoolchain/gcc_hostcortexm/bin/../lib/gcc/arm-none-eabi/10.3.1/../../../../arm-none-eabi/lib/thumb/v7e-m+dp/hard\libc_nano.a(lib_a-memset.o)
 .debug_frame   0x0000004c       0x78 CMakeFiles/STM32_Drivers.dir/C_/CoffeeWithEmbedded/STM_Projects/LedProject/Common/Src/system_stm32h7xx_dualcore_boot_cm4_cm7.c.obj
 .debug_frame   0x000000c4      0x508 CMakeFiles/STM32_Drivers.dir/C_/CoffeeWithEmbedded/STM_Projects/LedProject/Drivers/STM32H7xx_HAL_Driver/Src/stm32h7xx_hal_cortex.c.obj
 .debug_frame   0x000005cc      0x5ec CMakeFiles/STM32_Drivers.dir/C_/CoffeeWithEmbedded/STM_Projects/LedProject/Drivers/STM32H7xx_HAL_Driver/Src/stm32h7xx_hal_pwr_ex.c.obj
 .debug_frame   0x00000bb8      0x1f8 CMakeFiles/STM32_Drivers.dir/C_/CoffeeWithEmbedded/STM_Projects/LedProject/Drivers/STM32H7xx_HAL_Driver/Src/stm32h7xx_hal_rcc.c.obj
 .debug_frame   0x00000db0      0x1bc CMakeFiles/STM32_Drivers.dir/C_/CoffeeWithEmbedded/STM_Projects/LedProject/Drivers/STM32H7xx_HAL_Driver/Src/stm32h7xx_hal_hsem.c.obj
 .debug_frame   0x00000f6c      0x848 CMakeFiles/STM32_Drivers.dir/C_/CoffeeWithEmbedded/STM_Projects/LedProject/Drivers/STM32H7xx_HAL_Driver/Src/stm32h7xx_hal.c.obj
 .debug_frame   0x000017b4       0x6c CMakeFiles/LedProject_CM7.dir/Core/Src/main.c.obj
 .debug_frame   0x00001820      0x104 CMakeFiles/LedProject_CM7.dir/Core/Src/stm32h7xx_it.c.obj
 .debug_frame   0x00001924       0x38 CMakeFiles/LedProject_CM7.dir/Core/Src/stm32h7xx_hal_msp.c.obj

.debug_info     0x00000000     0x6de2
 .debug_info    0x00000000      0xe8f CMakeFiles/STM32_Drivers.dir/C_/CoffeeWithEmbedded/STM_Projects/LedProject/Common/Src/system_stm32h7xx_dualcore_boot_cm4_cm7.c.obj
 .debug_info    0x00000e8f     0x11e0 CMakeFiles/STM32_Drivers.dir/C_/CoffeeWithEmbedded/STM_Projects/LedProject/Drivers/STM32H7xx_HAL_Driver/Src/stm32h7xx_hal_cortex.c.obj
 .debug_info    0x0000206f     0x12a9 CMakeFiles/STM32_Drivers.dir/C_/CoffeeWithEmbedded/STM_Projects/LedProject/Drivers/STM32H7xx_HAL_Driver/Src/stm32h7xx_hal_pwr_ex.c.obj
 .debug_info    0x00003318      0xeff CMakeFiles/STM32_Drivers.dir/C_/CoffeeWithEmbedded/STM_Projects/LedProject/Drivers/STM32H7xx_HAL_Driver/Src/stm32h7xx_hal_rcc.c.obj
 .debug_info    0x00004217      0x3fd CMakeFiles/STM32_Drivers.dir/C_/CoffeeWithEmbedded/STM_Projects/LedProject/Drivers/STM32H7xx_HAL_Driver/Src/stm32h7xx_hal_hsem.c.obj
 .debug_info    0x00004614     0x17c6 CMakeFiles/STM32_Drivers.dir/C_/CoffeeWithEmbedded/STM_Projects/LedProject/Drivers/STM32H7xx_HAL_Driver/Src/stm32h7xx_hal.c.obj
 .debug_info    0x00005dda      0xa14 CMakeFiles/LedProject_CM7.dir/Core/Src/main.c.obj
 .debug_info    0x000067ee      0x12e CMakeFiles/LedProject_CM7.dir/Core/Src/stm32h7xx_it.c.obj
 .debug_info    0x0000691c      0x4a4 CMakeFiles/LedProject_CM7.dir/Core/Src/stm32h7xx_hal_msp.c.obj
 .debug_info    0x00006dc0       0x22 CMakeFiles/LedProject_CM7.dir/Core/Startup/startup_stm32h745xx_CM7.s.obj

.debug_abbrev   0x00000000     0x109a
 .debug_abbrev  0x00000000      0x161 CMakeFiles/STM32_Drivers.dir/C_/CoffeeWithEmbedded/STM_Projects/LedProject/Common/Src/system_stm32h7xx_dualcore_boot_cm4_cm7.c.obj
 .debug_abbrev  0x00000161      0x329 CMakeFiles/STM32_Drivers.dir/C_/CoffeeWithEmbedded/STM_Projects/LedProject/Drivers/STM32H7xx_HAL_Driver/Src/stm32h7xx_hal_cortex.c.obj
 .debug_abbrev  0x0000048a      0x294 CMakeFiles/STM32_Drivers.dir/C_/CoffeeWithEmbedded/STM_Projects/LedProject/Drivers/STM32H7xx_HAL_Driver/Src/stm32h7xx_hal_pwr_ex.c.obj
 .debug_abbrev  0x0000071e      0x270 CMakeFiles/STM32_Drivers.dir/C_/CoffeeWithEmbedded/STM_Projects/LedProject/Drivers/STM32H7xx_HAL_Driver/Src/stm32h7xx_hal_rcc.c.obj
 .debug_abbrev  0x0000098e      0x1d0 CMakeFiles/STM32_Drivers.dir/C_/CoffeeWithEmbedded/STM_Projects/LedProject/Drivers/STM32H7xx_HAL_Driver/Src/stm32h7xx_hal_hsem.c.obj
 .debug_abbrev  0x00000b5e      0x241 CMakeFiles/STM32_Drivers.dir/C_/CoffeeWithEmbedded/STM_Projects/LedProject/Drivers/STM32H7xx_HAL_Driver/Src/stm32h7xx_hal.c.obj
 .debug_abbrev  0x00000d9f      0x1ae CMakeFiles/LedProject_CM7.dir/Core/Src/main.c.obj
 .debug_abbrev  0x00000f4d       0x61 CMakeFiles/LedProject_CM7.dir/Core/Src/stm32h7xx_it.c.obj
 .debug_abbrev  0x00000fae       0xda CMakeFiles/LedProject_CM7.dir/Core/Src/stm32h7xx_hal_msp.c.obj
 .debug_abbrev  0x00001088       0x12 CMakeFiles/LedProject_CM7.dir/Core/Startup/startup_stm32h745xx_CM7.s.obj

.debug_aranges  0x00000000      0x6a0
 .debug_aranges
                0x00000000       0x30 CMakeFiles/STM32_Drivers.dir/C_/CoffeeWithEmbedded/STM_Projects/LedProject/Common/Src/system_stm32h7xx_dualcore_boot_cm4_cm7.c.obj
 .debug_aranges
                0x00000030      0x130 CMakeFiles/STM32_Drivers.dir/C_/CoffeeWithEmbedded/STM_Projects/LedProject/Drivers/STM32H7xx_HAL_Driver/Src/stm32h7xx_hal_cortex.c.obj
 .debug_aranges
                0x00000160      0x170 CMakeFiles/STM32_Drivers.dir/C_/CoffeeWithEmbedded/STM_Projects/LedProject/Drivers/STM32H7xx_HAL_Driver/Src/stm32h7xx_hal_pwr_ex.c.obj
 .debug_aranges
                0x000002d0       0x88 CMakeFiles/STM32_Drivers.dir/C_/CoffeeWithEmbedded/STM_Projects/LedProject/Drivers/STM32H7xx_HAL_Driver/Src/stm32h7xx_hal_rcc.c.obj
 .debug_aranges
                0x00000358       0x70 CMakeFiles/STM32_Drivers.dir/C_/CoffeeWithEmbedded/STM_Projects/LedProject/Drivers/STM32H7xx_HAL_Driver/Src/stm32h7xx_hal_hsem.c.obj
 .debug_aranges
                0x000003c8      0x200 CMakeFiles/STM32_Drivers.dir/C_/CoffeeWithEmbedded/STM_Projects/LedProject/Drivers/STM32H7xx_HAL_Driver/Src/stm32h7xx_hal.c.obj
 .debug_aranges
                0x000005c8       0x30 CMakeFiles/LedProject_CM7.dir/Core/Src/main.c.obj
 .debug_aranges
                0x000005f8       0x60 CMakeFiles/LedProject_CM7.dir/Core/Src/stm32h7xx_it.c.obj
 .debug_aranges
                0x00000658       0x20 CMakeFiles/LedProject_CM7.dir/Core/Src/stm32h7xx_hal_msp.c.obj
 .debug_aranges
                0x00000678       0x28 CMakeFiles/LedProject_CM7.dir/Core/Startup/startup_stm32h745xx_CM7.s.obj

.debug_ranges   0x00000000      0x608
 .debug_ranges  0x00000000       0x20 CMakeFiles/STM32_Drivers.dir/C_/CoffeeWithEmbedded/STM_Projects/LedProject/Common/Src/system_stm32h7xx_dualcore_boot_cm4_cm7.c.obj
 .debug_ranges  0x00000020      0x120 CMakeFiles/STM32_Drivers.dir/C_/CoffeeWithEmbedded/STM_Projects/LedProject/Drivers/STM32H7xx_HAL_Driver/Src/stm32h7xx_hal_cortex.c.obj
 .debug_ranges  0x00000140      0x160 CMakeFiles/STM32_Drivers.dir/C_/CoffeeWithEmbedded/STM_Projects/LedProject/Drivers/STM32H7xx_HAL_Driver/Src/stm32h7xx_hal_pwr_ex.c.obj
 .debug_ranges  0x000002a0       0x78 CMakeFiles/STM32_Drivers.dir/C_/CoffeeWithEmbedded/STM_Projects/LedProject/Drivers/STM32H7xx_HAL_Driver/Src/stm32h7xx_hal_rcc.c.obj
 .debug_ranges  0x00000318       0x60 CMakeFiles/STM32_Drivers.dir/C_/CoffeeWithEmbedded/STM_Projects/LedProject/Drivers/STM32H7xx_HAL_Driver/Src/stm32h7xx_hal_hsem.c.obj
 .debug_ranges  0x00000378      0x1f0 CMakeFiles/STM32_Drivers.dir/C_/CoffeeWithEmbedded/STM_Projects/LedProject/Drivers/STM32H7xx_HAL_Driver/Src/stm32h7xx_hal.c.obj
 .debug_ranges  0x00000568       0x20 CMakeFiles/LedProject_CM7.dir/Core/Src/main.c.obj
 .debug_ranges  0x00000588       0x50 CMakeFiles/LedProject_CM7.dir/Core/Src/stm32h7xx_it.c.obj
 .debug_ranges  0x000005d8       0x10 CMakeFiles/LedProject_CM7.dir/Core/Src/stm32h7xx_hal_msp.c.obj
 .debug_ranges  0x000005e8       0x20 CMakeFiles/LedProject_CM7.dir/Core/Startup/startup_stm32h745xx_CM7.s.obj

.debug_macro    0x00000000    0x38204
 .debug_macro   0x00000000      0x299 CMakeFiles/STM32_Drivers.dir/C_/CoffeeWithEmbedded/STM_Projects/LedProject/Common/Src/system_stm32h7xx_dualcore_boot_cm4_cm7.c.obj
 .debug_macro   0x00000299      0xa9c CMakeFiles/STM32_Drivers.dir/C_/CoffeeWithEmbedded/STM_Projects/LedProject/Common/Src/system_stm32h7xx_dualcore_boot_cm4_cm7.c.obj
 .debug_macro   0x00000d35       0x2e CMakeFiles/STM32_Drivers.dir/C_/CoffeeWithEmbedded/STM_Projects/LedProject/Common/Src/system_stm32h7xx_dualcore_boot_cm4_cm7.c.obj
 .debug_macro   0x00000d63       0x49 CMakeFiles/STM32_Drivers.dir/C_/CoffeeWithEmbedded/STM_Projects/LedProject/Common/Src/system_stm32h7xx_dualcore_boot_cm4_cm7.c.obj
 .debug_macro   0x00000dac       0x22 CMakeFiles/STM32_Drivers.dir/C_/CoffeeWithEmbedded/STM_Projects/LedProject/Common/Src/system_stm32h7xx_dualcore_boot_cm4_cm7.c.obj
 .debug_macro   0x00000dce       0x8e CMakeFiles/STM32_Drivers.dir/C_/CoffeeWithEmbedded/STM_Projects/LedProject/Common/Src/system_stm32h7xx_dualcore_boot_cm4_cm7.c.obj
 .debug_macro   0x00000e5c       0x51 CMakeFiles/STM32_Drivers.dir/C_/CoffeeWithEmbedded/STM_Projects/LedProject/Common/Src/system_stm32h7xx_dualcore_boot_cm4_cm7.c.obj
 .debug_macro   0x00000ead      0x103 CMakeFiles/STM32_Drivers.dir/C_/CoffeeWithEmbedded/STM_Projects/LedProject/Common/Src/system_stm32h7xx_dualcore_boot_cm4_cm7.c.obj
 .debug_macro   0x00000fb0       0x6a CMakeFiles/STM32_Drivers.dir/C_/CoffeeWithEmbedded/STM_Projects/LedProject/Common/Src/system_stm32h7xx_dualcore_boot_cm4_cm7.c.obj
 .debug_macro   0x0000101a      0x1df CMakeFiles/STM32_Drivers.dir/C_/CoffeeWithEmbedded/STM_Projects/LedProject/Common/Src/system_stm32h7xx_dualcore_boot_cm4_cm7.c.obj
 .debug_macro   0x000011f9       0x1c CMakeFiles/STM32_Drivers.dir/C_/CoffeeWithEmbedded/STM_Projects/LedProject/Common/Src/system_stm32h7xx_dualcore_boot_cm4_cm7.c.obj
 .debug_macro   0x00001215       0x22 CMakeFiles/STM32_Drivers.dir/C_/CoffeeWithEmbedded/STM_Projects/LedProject/Common/Src/system_stm32h7xx_dualcore_boot_cm4_cm7.c.obj
 .debug_macro   0x00001237       0xfb CMakeFiles/STM32_Drivers.dir/C_/CoffeeWithEmbedded/STM_Projects/LedProject/Common/Src/system_stm32h7xx_dualcore_boot_cm4_cm7.c.obj
 .debug_macro   0x00001332     0x1305 CMakeFiles/STM32_Drivers.dir/C_/CoffeeWithEmbedded/STM_Projects/LedProject/Common/Src/system_stm32h7xx_dualcore_boot_cm4_cm7.c.obj
 .debug_macro   0x00002637      0x11f CMakeFiles/STM32_Drivers.dir/C_/CoffeeWithEmbedded/STM_Projects/LedProject/Common/Src/system_stm32h7xx_dualcore_boot_cm4_cm7.c.obj
 .debug_macro   0x00002756       0x27 CMakeFiles/STM32_Drivers.dir/C_/CoffeeWithEmbedded/STM_Projects/LedProject/Common/Src/system_stm32h7xx_dualcore_boot_cm4_cm7.c.obj
 .debug_macro   0x0000277d    0x2706d CMakeFiles/STM32_Drivers.dir/C_/CoffeeWithEmbedded/STM_Projects/LedProject/Common/Src/system_stm32h7xx_dualcore_boot_cm4_cm7.c.obj
 .debug_macro   0x000297ea       0x6d CMakeFiles/STM32_Drivers.dir/C_/CoffeeWithEmbedded/STM_Projects/LedProject/Common/Src/system_stm32h7xx_dualcore_boot_cm4_cm7.c.obj
 .debug_macro   0x00029857      0x238 CMakeFiles/STM32_Drivers.dir/C_/CoffeeWithEmbedded/STM_Projects/LedProject/Common/Src/system_stm32h7xx_dualcore_boot_cm4_cm7.c.obj
 .debug_macro   0x00029a8f     0x3d79 CMakeFiles/STM32_Drivers.dir/C_/CoffeeWithEmbedded/STM_Projects/LedProject/Common/Src/system_stm32h7xx_dualcore_boot_cm4_cm7.c.obj
 .debug_macro   0x0002d808      0x174 CMakeFiles/STM32_Drivers.dir/C_/CoffeeWithEmbedded/STM_Projects/LedProject/Common/Src/system_stm32h7xx_dualcore_boot_cm4_cm7.c.obj
 .debug_macro   0x0002d97c       0x64 CMakeFiles/STM32_Drivers.dir/C_/CoffeeWithEmbedded/STM_Projects/LedProject/Common/Src/system_stm32h7xx_dualcore_boot_cm4_cm7.c.obj
 .debug_macro   0x0002d9e0       0x1d CMakeFiles/STM32_Drivers.dir/C_/CoffeeWithEmbedded/STM_Projects/LedProject/Common/Src/system_stm32h7xx_dualcore_boot_cm4_cm7.c.obj
 .debug_macro   0x0002d9fd       0x35 CMakeFiles/STM32_Drivers.dir/C_/CoffeeWithEmbedded/STM_Projects/LedProject/Common/Src/system_stm32h7xx_dualcore_boot_cm4_cm7.c.obj
 .debug_macro   0x0002da32       0x34 CMakeFiles/STM32_Drivers.dir/C_/CoffeeWithEmbedded/STM_Projects/LedProject/Common/Src/system_stm32h7xx_dualcore_boot_cm4_cm7.c.obj
 .debug_macro   0x0002da66       0x16 CMakeFiles/STM32_Drivers.dir/C_/CoffeeWithEmbedded/STM_Projects/LedProject/Common/Src/system_stm32h7xx_dualcore_boot_cm4_cm7.c.obj
 .debug_macro   0x0002da7c       0x43 CMakeFiles/STM32_Drivers.dir/C_/CoffeeWithEmbedded/STM_Projects/LedProject/Common/Src/system_stm32h7xx_dualcore_boot_cm4_cm7.c.obj
 .debug_macro   0x0002dabf       0x34 CMakeFiles/STM32_Drivers.dir/C_/CoffeeWithEmbedded/STM_Projects/LedProject/Common/Src/system_stm32h7xx_dualcore_boot_cm4_cm7.c.obj
 .debug_macro   0x0002daf3       0x10 CMakeFiles/STM32_Drivers.dir/C_/CoffeeWithEmbedded/STM_Projects/LedProject/Common/Src/system_stm32h7xx_dualcore_boot_cm4_cm7.c.obj
 .debug_macro   0x0002db03       0x58 CMakeFiles/STM32_Drivers.dir/C_/CoffeeWithEmbedded/STM_Projects/LedProject/Common/Src/system_stm32h7xx_dualcore_boot_cm4_cm7.c.obj
 .debug_macro   0x0002db5b      0x182 CMakeFiles/STM32_Drivers.dir/C_/CoffeeWithEmbedded/STM_Projects/LedProject/Common/Src/system_stm32h7xx_dualcore_boot_cm4_cm7.c.obj
 .debug_macro   0x0002dcdd      0x341 CMakeFiles/STM32_Drivers.dir/C_/CoffeeWithEmbedded/STM_Projects/LedProject/Common/Src/system_stm32h7xx_dualcore_boot_cm4_cm7.c.obj
 .debug_macro   0x0002e01e      0x19b CMakeFiles/STM32_Drivers.dir/C_/CoffeeWithEmbedded/STM_Projects/LedProject/Common/Src/system_stm32h7xx_dualcore_boot_cm4_cm7.c.obj
 .debug_macro   0x0002e1b9       0x5d CMakeFiles/STM32_Drivers.dir/C_/CoffeeWithEmbedded/STM_Projects/LedProject/Common/Src/system_stm32h7xx_dualcore_boot_cm4_cm7.c.obj
 .debug_macro   0x0002e216     0x3a9d CMakeFiles/STM32_Drivers.dir/C_/CoffeeWithEmbedded/STM_Projects/LedProject/Common/Src/system_stm32h7xx_dualcore_boot_cm4_cm7.c.obj
 .debug_macro   0x00031cb3     0x1072 CMakeFiles/STM32_Drivers.dir/C_/CoffeeWithEmbedded/STM_Projects/LedProject/Common/Src/system_stm32h7xx_dualcore_boot_cm4_cm7.c.obj
 .debug_macro   0x00032d25      0x154 CMakeFiles/STM32_Drivers.dir/C_/CoffeeWithEmbedded/STM_Projects/LedProject/Common/Src/system_stm32h7xx_dualcore_boot_cm4_cm7.c.obj
 .debug_macro   0x00032e79      0x130 CMakeFiles/STM32_Drivers.dir/C_/CoffeeWithEmbedded/STM_Projects/LedProject/Common/Src/system_stm32h7xx_dualcore_boot_cm4_cm7.c.obj
 .debug_macro   0x00032fa9      0x3c2 CMakeFiles/STM32_Drivers.dir/C_/CoffeeWithEmbedded/STM_Projects/LedProject/Common/Src/system_stm32h7xx_dualcore_boot_cm4_cm7.c.obj
 .debug_macro   0x0003336b       0xac CMakeFiles/STM32_Drivers.dir/C_/CoffeeWithEmbedded/STM_Projects/LedProject/Common/Src/system_stm32h7xx_dualcore_boot_cm4_cm7.c.obj
 .debug_macro   0x00033417      0x72d CMakeFiles/STM32_Drivers.dir/C_/CoffeeWithEmbedded/STM_Projects/LedProject/Common/Src/system_stm32h7xx_dualcore_boot_cm4_cm7.c.obj
 .debug_macro   0x00033b44      0x228 CMakeFiles/STM32_Drivers.dir/C_/CoffeeWithEmbedded/STM_Projects/LedProject/Common/Src/system_stm32h7xx_dualcore_boot_cm4_cm7.c.obj
 .debug_macro   0x00033d6c       0x66 CMakeFiles/STM32_Drivers.dir/C_/CoffeeWithEmbedded/STM_Projects/LedProject/Common/Src/system_stm32h7xx_dualcore_boot_cm4_cm7.c.obj
 .debug_macro   0x00033dd2      0x3bb CMakeFiles/STM32_Drivers.dir/C_/CoffeeWithEmbedded/STM_Projects/LedProject/Common/Src/system_stm32h7xx_dualcore_boot_cm4_cm7.c.obj
 .debug_macro   0x0003418d      0x407 CMakeFiles/STM32_Drivers.dir/C_/CoffeeWithEmbedded/STM_Projects/LedProject/Common/Src/system_stm32h7xx_dualcore_boot_cm4_cm7.c.obj
 .debug_macro   0x00034594      0x27c CMakeFiles/STM32_Drivers.dir/C_/CoffeeWithEmbedded/STM_Projects/LedProject/Common/Src/system_stm32h7xx_dualcore_boot_cm4_cm7.c.obj
 .debug_macro   0x00034810      0x3ca CMakeFiles/STM32_Drivers.dir/C_/CoffeeWithEmbedded/STM_Projects/LedProject/Common/Src/system_stm32h7xx_dualcore_boot_cm4_cm7.c.obj
 .debug_macro   0x00034bda      0x4a2 CMakeFiles/STM32_Drivers.dir/C_/CoffeeWithEmbedded/STM_Projects/LedProject/Common/Src/system_stm32h7xx_dualcore_boot_cm4_cm7.c.obj
 .debug_macro   0x0003507c       0x51 CMakeFiles/STM32_Drivers.dir/C_/CoffeeWithEmbedded/STM_Projects/LedProject/Common/Src/system_stm32h7xx_dualcore_boot_cm4_cm7.c.obj
 .debug_macro   0x000350cd       0x4a CMakeFiles/STM32_Drivers.dir/C_/CoffeeWithEmbedded/STM_Projects/LedProject/Common/Src/system_stm32h7xx_dualcore_boot_cm4_cm7.c.obj
 .debug_macro   0x00035117      0x22c CMakeFiles/STM32_Drivers.dir/C_/CoffeeWithEmbedded/STM_Projects/LedProject/Common/Src/system_stm32h7xx_dualcore_boot_cm4_cm7.c.obj
 .debug_macro   0x00035343       0x67 CMakeFiles/STM32_Drivers.dir/C_/CoffeeWithEmbedded/STM_Projects/LedProject/Common/Src/system_stm32h7xx_dualcore_boot_cm4_cm7.c.obj
 .debug_macro   0x000353aa       0xa5 CMakeFiles/STM32_Drivers.dir/C_/CoffeeWithEmbedded/STM_Projects/LedProject/Common/Src/system_stm32h7xx_dualcore_boot_cm4_cm7.c.obj
 .debug_macro   0x0003544f      0x218 CMakeFiles/STM32_Drivers.dir/C_/CoffeeWithEmbedded/STM_Projects/LedProject/Common/Src/system_stm32h7xx_dualcore_boot_cm4_cm7.c.obj
 .debug_macro   0x00035667      0x2ea CMakeFiles/STM32_Drivers.dir/C_/CoffeeWithEmbedded/STM_Projects/LedProject/Common/Src/system_stm32h7xx_dualcore_boot_cm4_cm7.c.obj
 .debug_macro   0x00035951       0x35 CMakeFiles/STM32_Drivers.dir/C_/CoffeeWithEmbedded/STM_Projects/LedProject/Common/Src/system_stm32h7xx_dualcore_boot_cm4_cm7.c.obj
 .debug_macro   0x00035986      0x693 CMakeFiles/STM32_Drivers.dir/C_/CoffeeWithEmbedded/STM_Projects/LedProject/Common/Src/system_stm32h7xx_dualcore_boot_cm4_cm7.c.obj
 .debug_macro   0x00036019       0xa6 CMakeFiles/STM32_Drivers.dir/C_/CoffeeWithEmbedded/STM_Projects/LedProject/Common/Src/system_stm32h7xx_dualcore_boot_cm4_cm7.c.obj
 .debug_macro   0x000360bf      0x359 CMakeFiles/STM32_Drivers.dir/C_/CoffeeWithEmbedded/STM_Projects/LedProject/Common/Src/system_stm32h7xx_dualcore_boot_cm4_cm7.c.obj
 .debug_macro   0x00036418       0xb9 CMakeFiles/STM32_Drivers.dir/C_/CoffeeWithEmbedded/STM_Projects/LedProject/Common/Src/system_stm32h7xx_dualcore_boot_cm4_cm7.c.obj
 .debug_macro   0x000364d1      0x7a4 CMakeFiles/STM32_Drivers.dir/C_/CoffeeWithEmbedded/STM_Projects/LedProject/Common/Src/system_stm32h7xx_dualcore_boot_cm4_cm7.c.obj
 .debug_macro   0x00036c75      0x299 CMakeFiles/STM32_Drivers.dir/C_/CoffeeWithEmbedded/STM_Projects/LedProject/Drivers/STM32H7xx_HAL_Driver/Src/stm32h7xx_hal_cortex.c.obj
 .debug_macro   0x00036f0e      0x2d2 CMakeFiles/STM32_Drivers.dir/C_/CoffeeWithEmbedded/STM_Projects/LedProject/Drivers/STM32H7xx_HAL_Driver/Src/stm32h7xx_hal_pwr_ex.c.obj
 .debug_macro   0x000371e0      0x2bd CMakeFiles/STM32_Drivers.dir/C_/CoffeeWithEmbedded/STM_Projects/LedProject/Drivers/STM32H7xx_HAL_Driver/Src/stm32h7xx_hal_rcc.c.obj
 .debug_macro   0x0003749d      0x2ab CMakeFiles/STM32_Drivers.dir/C_/CoffeeWithEmbedded/STM_Projects/LedProject/Drivers/STM32H7xx_HAL_Driver/Src/stm32h7xx_hal_hsem.c.obj
 .debug_macro   0x00037748      0x2c3 CMakeFiles/STM32_Drivers.dir/C_/CoffeeWithEmbedded/STM_Projects/LedProject/Drivers/STM32H7xx_HAL_Driver/Src/stm32h7xx_hal.c.obj
 .debug_macro   0x00037a0b      0x2a9 CMakeFiles/LedProject_CM7.dir/Core/Src/main.c.obj
 .debug_macro   0x00037cb4      0x2ad CMakeFiles/LedProject_CM7.dir/Core/Src/stm32h7xx_it.c.obj
 .debug_macro   0x00037f61      0x2a3 CMakeFiles/LedProject_CM7.dir/Core/Src/stm32h7xx_hal_msp.c.obj

.debug_line     0x00000000     0x632e
 .debug_line    0x00000000      0x8d1 CMakeFiles/STM32_Drivers.dir/C_/CoffeeWithEmbedded/STM_Projects/LedProject/Common/Src/system_stm32h7xx_dualcore_boot_cm4_cm7.c.obj
 .debug_line    0x000008d1      0xcb3 CMakeFiles/STM32_Drivers.dir/C_/CoffeeWithEmbedded/STM_Projects/LedProject/Drivers/STM32H7xx_HAL_Driver/Src/stm32h7xx_hal_cortex.c.obj
 .debug_line    0x00001584      0xeb6 CMakeFiles/STM32_Drivers.dir/C_/CoffeeWithEmbedded/STM_Projects/LedProject/Drivers/STM32H7xx_HAL_Driver/Src/stm32h7xx_hal_pwr_ex.c.obj
 .debug_line    0x0000243a     0x1243 CMakeFiles/STM32_Drivers.dir/C_/CoffeeWithEmbedded/STM_Projects/LedProject/Drivers/STM32H7xx_HAL_Driver/Src/stm32h7xx_hal_rcc.c.obj
 .debug_line    0x0000367d      0x835 CMakeFiles/STM32_Drivers.dir/C_/CoffeeWithEmbedded/STM_Projects/LedProject/Drivers/STM32H7xx_HAL_Driver/Src/stm32h7xx_hal_hsem.c.obj
 .debug_line    0x00003eb2      0xdd2 CMakeFiles/STM32_Drivers.dir/C_/CoffeeWithEmbedded/STM_Projects/LedProject/Drivers/STM32H7xx_HAL_Driver/Src/stm32h7xx_hal.c.obj
 .debug_line    0x00004c84      0x79c CMakeFiles/LedProject_CM7.dir/Core/Src/main.c.obj
 .debug_line    0x00005420      0x78c CMakeFiles/LedProject_CM7.dir/Core/Src/stm32h7xx_it.c.obj
 .debug_line    0x00005bac      0x6c8 CMakeFiles/LedProject_CM7.dir/Core/Src/stm32h7xx_hal_msp.c.obj
 .debug_line    0x00006274       0xba CMakeFiles/LedProject_CM7.dir/Core/Startup/startup_stm32h745xx_CM7.s.obj

.debug_str      0x00000000   0x178abc
 .debug_str     0x00000000   0x176501 CMakeFiles/STM32_Drivers.dir/C_/CoffeeWithEmbedded/STM_Projects/LedProject/Common/Src/system_stm32h7xx_dualcore_boot_cm4_cm7.c.obj
                             0x176964 (size before relaxing)
 .debug_str     0x00176501      0xc22 CMakeFiles/STM32_Drivers.dir/C_/CoffeeWithEmbedded/STM_Projects/LedProject/Drivers/STM32H7xx_HAL_Driver/Src/stm32h7xx_hal_cortex.c.obj
                             0x177229 (size before relaxing)
 .debug_str     0x00177123      0x81b CMakeFiles/STM32_Drivers.dir/C_/CoffeeWithEmbedded/STM_Projects/LedProject/Drivers/STM32H7xx_HAL_Driver/Src/stm32h7xx_hal_pwr_ex.c.obj
                             0x176d9a (size before relaxing)
 .debug_str     0x0017793e      0x493 CMakeFiles/STM32_Drivers.dir/C_/CoffeeWithEmbedded/STM_Projects/LedProject/Drivers/STM32H7xx_HAL_Driver/Src/stm32h7xx_hal_rcc.c.obj
                             0x176c10 (size before relaxing)
 .debug_str     0x00177dd1      0x234 CMakeFiles/STM32_Drivers.dir/C_/CoffeeWithEmbedded/STM_Projects/LedProject/Drivers/STM32H7xx_HAL_Driver/Src/stm32h7xx_hal_hsem.c.obj
                             0x17654e (size before relaxing)
 .debug_str     0x00178005      0x883 CMakeFiles/STM32_Drivers.dir/C_/CoffeeWithEmbedded/STM_Projects/LedProject/Drivers/STM32H7xx_HAL_Driver/Src/stm32h7xx_hal.c.obj
                             0x17795b (size before relaxing)
 .debug_str     0x00178888       0x92 CMakeFiles/LedProject_CM7.dir/Core/Src/main.c.obj
                             0x176801 (size before relaxing)
 .debug_str     0x0017891a       0xec CMakeFiles/LedProject_CM7.dir/Core/Src/stm32h7xx_it.c.obj
                             0x1763ba (size before relaxing)
 .debug_str     0x00178a06       0x4f CMakeFiles/LedProject_CM7.dir/Core/Src/stm32h7xx_hal_msp.c.obj
                             0x176567 (size before relaxing)
 .debug_str     0x00178a55       0x67 CMakeFiles/LedProject_CM7.dir/Core/Startup/startup_stm32h745xx_CM7.s.obj
                                 0x9f (size before relaxing)

.comment        0x00000000       0x49
 .comment       0x00000000       0x49 CMakeFiles/STM32_Drivers.dir/C_/CoffeeWithEmbedded/STM_Projects/LedProject/Common/Src/system_stm32h7xx_dualcore_boot_cm4_cm7.c.obj
                                 0x4a (size before relaxing)
 .comment       0x00000049       0x4a CMakeFiles/STM32_Drivers.dir/C_/CoffeeWithEmbedded/STM_Projects/LedProject/Drivers/STM32H7xx_HAL_Driver/Src/stm32h7xx_hal_cortex.c.obj
 .comment       0x00000049       0x4a CMakeFiles/STM32_Drivers.dir/C_/CoffeeWithEmbedded/STM_Projects/LedProject/Drivers/STM32H7xx_HAL_Driver/Src/stm32h7xx_hal_pwr_ex.c.obj
 .comment       0x00000049       0x4a CMakeFiles/STM32_Drivers.dir/C_/CoffeeWithEmbedded/STM_Projects/LedProject/Drivers/STM32H7xx_HAL_Driver/Src/stm32h7xx_hal_rcc.c.obj
 .comment       0x00000049       0x4a CMakeFiles/STM32_Drivers.dir/C_/CoffeeWithEmbedded/STM_Projects/LedProject/Drivers/STM32H7xx_HAL_Driver/Src/stm32h7xx_hal_hsem.c.obj
 .comment       0x00000049       0x4a CMakeFiles/STM32_Drivers.dir/C_/CoffeeWithEmbedded/STM_Projects/LedProject/Drivers/STM32H7xx_HAL_Driver/Src/stm32h7xx_hal.c.obj
 .comment       0x00000049       0x4a CMakeFiles/LedProject_CM7.dir/Core/Src/main.c.obj
 .comment       0x00000049       0x4a CMakeFiles/LedProject_CM7.dir/Core/Src/stm32h7xx_it.c.obj
 .comment       0x00000049       0x4a CMakeFiles/LedProject_CM7.dir/Core/Src/stm32h7xx_hal_msp.c.obj
